呃呃呃鹅鹅鹅鹅鹅鹅饿